▲ Next.js 16.2.4 (Turbopack)
- Local:         http://localhost:3010
- Network:       http://192.168.1.52:3010
- Environments: .env
✓ Ready in 665ms

○ Compiling / ...
 GET / 200 in 2.6s (next.js: 2.3s, application-code: 277ms)
 GET /login 200 in 1119ms (next.js: 940ms, application-code: 179ms)
 GET /login 200 in 53ms (next.js: 6ms, application-code: 47ms)
 GET /login 200 in 107ms (next.js: 8ms, application-code: 99ms)
 GET /login 200 in 43ms (next.js: 6ms, application-code: 37ms)
 GET /courses 200 in 1904ms (next.js: 1740ms, application-code: 163ms)
 GET /courses 200 in 59ms (next.js: 6ms, application-code: 54ms)
 GET /courses 200 in 59ms (next.js: 7ms, application-code: 52ms)
 GET /courses 200 in 32ms (next.js: 7ms, application-code: 25ms)
 GET /courses 200 in 56ms (next.js: 6ms, application-code: 50ms)
 GET /courses/audit-course/manage 200 in 2.3s (next.js: 2.2s, application-code: 108ms)
 GET /courses/audit-course/manage 200 in 64ms (next.js: 11ms, application-code: 53ms)
 GET /courses/audit-course/manage 200 in 51ms (next.js: 8ms, application-code: 43ms)
 GET /courses 200 in 55ms (next.js: 5ms, application-code: 50ms)
 GET /courses/audit-course/manage/modules/audit-module 200 in 2.1s (next.js: 1943ms, application-code: 108ms)
 GET /courses/audit-course/manage/modules/audit-module 200 in 71ms (next.js: 11ms, application-code: 60ms)
 GET /courses/audit-course/manage/modules/audit-module 200 in 50ms (next.js: 7ms, application-code: 43ms)
 GET /courses 200 in 60ms (next.js: 4ms, application-code: 56ms)
 GET /courses/audit-course/manage/modules/audit-module/lessons/audit-lesson/manage 200 in 66ms (next.js: 5ms, application-code: 61ms)
 GET /courses/audit-course/manage/modules/audit-module/lessons/audit-lesson/manage 200 in 77ms (next.js: 6ms, application-code: 71ms)
 GET /courses/audit-course/manage/modules/audit-module/lessons/audit-lesson/manage 200 in 46ms (next.js: 7ms, application-code: 39ms)
 GET /courses 200 in 60ms (next.js: 6ms, application-code: 55ms)
 GET /courses/audit-course/manage/modules/audit-module/lessons/audit-lesson/quiz 200 in 73ms (next.js: 5ms, application-code: 67ms)
 GET /courses/audit-course/manage/modules/audit-module/lessons/audit-lesson/quiz 200 in 70ms (next.js: 7ms, application-code: 63ms)
 GET /courses/audit-course/manage/modules/audit-module/lessons/audit-lesson/quiz 200 in 38ms (next.js: 6ms, application-code: 32ms)
 GET /courses 200 in 55ms (next.js: 5ms, application-code: 50ms)
 GET /courses/audit-course/modules/audit-module/lessons 200 in 1396ms (next.js: 1323ms, application-code: 73ms)
 GET /courses/audit-course/modules/audit-module/lessons 200 in 61ms (next.js: 12ms, application-code: 49ms)
 GET /courses/audit-course/modules/audit-module/lessons 200 in 35ms (next.js: 5ms, application-code: 31ms)
 GET /courses 200 in 49ms (next.js: 5ms, application-code: 45ms)
 GET /courses/audit-course/modules/audit-module/lessons/audit-lesson/resources 200 in 66ms (next.js: 6ms, application-code: 60ms)
 GET /courses/audit-course/modules/audit-module/lessons/audit-lesson/resources 200 in 61ms (next.js: 6ms, application-code: 55ms)
 GET /courses/audit-course/modules/audit-module/lessons/audit-lesson/resources 200 in 40ms (next.js: 6ms, application-code: 35ms)
 GET /branches 200 in 899ms (next.js: 788ms, application-code: 111ms)
 GET /branches/audit-branch/manage 200 in 2.1s (next.js: 1875ms, proxy.ts: 94ms, application-code: 98ms)
 GET /branches/audit-branch/manage 200 in 68ms (next.js: 13ms, proxy.ts: 5ms, application-code: 50ms)
 GET /branches/audit-branch/manage 200 in 42ms (next.js: 11ms, proxy.ts: 4ms, application-code: 26ms)
 GET /batches 200 in 1102ms (next.js: 914ms, application-code: 188ms)
 GET /batches/audit-batch/manage 200 in 1574ms (next.js: 1495ms, proxy.ts: 4ms, application-code: 75ms)
 GET /batches/audit-batch/manage 200 in 67ms (next.js: 13ms, proxy.ts: 3ms, application-code: 50ms)
 GET /batches/audit-batch/manage 200 in 39ms (next.js: 8ms, proxy.ts: 4ms, application-code: 27ms)
 GET /batches 200 in 58ms (next.js: 6ms, application-code: 52ms)
 GET /batches/audit-batch/timings/audit-timing/manage 200 in 1483ms (next.js: 1406ms, proxy.ts: 6ms, application-code: 71ms)
 GET /batches/audit-batch/timings/audit-timing/manage 200 in 80ms (next.js: 12ms, proxy.ts: 4ms, application-code: 64ms)
 GET /batches/audit-batch/timings/audit-timing/manage 200 in 61ms (next.js: 12ms, proxy.ts: 10ms, application-code: 39ms)
 GET /batches 200 in 54ms (next.js: 5ms, application-code: 49ms)
 GET /batches/audit-batch/modes/offline/manage 200 in 1407ms (next.js: 1334ms, proxy.ts: 4ms, application-code: 70ms)
 GET /batches/audit-batch/modes/offline/manage 200 in 63ms (next.js: 12ms, proxy.ts: 3ms, application-code: 47ms)
 GET /batches/audit-batch/modes/offline/manage 200 in 41ms (next.js: 7ms, proxy.ts: 8ms, application-code: 26ms)
 GET /students 200 in 871ms (next.js: 773ms, application-code: 98ms)
 GET /students/audit-student/manage 200 in 1538ms (next.js: 1455ms, proxy.ts: 5ms, application-code: 78ms)
 GET /students/audit-student/manage 200 in 64ms (next.js: 12ms, proxy.ts: 4ms, application-code: 48ms)
 GET /students/audit-student/manage 200 in 50ms (next.js: 8ms, proxy.ts: 3ms, application-code: 39ms)
 GET /enrollments 200 in 865ms (next.js: 779ms, application-code: 86ms)
 GET /enrollments/audit-enrollment/manage 200 in 1619ms (next.js: 1526ms, proxy.ts: 4ms, application-code: 89ms)
 GET /enrollments/audit-enrollment/manage 200 in 66ms (next.js: 12ms, proxy.ts: 3ms, application-code: 51ms)
 GET /enrollments/audit-enrollment/manage 200 in 37ms (next.js: 6ms, proxy.ts: 3ms, application-code: 28ms)
 GET /community 200 in 1011ms (next.js: 923ms, application-code: 87ms)
 GET /community/audit-post/manage 200 in 1683ms (next.js: 1600ms, proxy.ts: 4ms, application-code: 80ms)
 GET /community/audit-post/manage 200 in 72ms (next.js: 13ms, proxy.ts: 3ms, application-code: 56ms)
 GET /community/audit-post/manage 200 in 41ms (next.js: 7ms, proxy.ts: 3ms, application-code: 31ms)
 GET /this-route-does-not-exist-xyz 404 in 707ms (next.js: 517ms, application-code: 190ms)
 GET /this-route-does-not-exist-xyz 404 in 80ms (next.js: 13ms, application-code: 68ms)
 GET /courses/audit-course/manage/modules/m1/DOES-NOT-EXIST 200 in 74ms (next.js: 12ms, application-code: 61ms)
 GET /courses/audit-course/manage/modules/m1/DOES-NOT-EXIST 200 in 71ms (next.js: 5ms, application-code: 66ms)
 GET /courses/audit-course/modules/m1/lessons/l1/nope 200 in 79ms (next.js: 12ms, application-code: 66ms)
 GET /courses/audit-course/modules/m1/lessons/l1/nope 200 in 72ms (next.js: 5ms, application-code: 66ms)
 GET /batches/audit-batch/modes/offline/manage/extra 404 in 50ms (next.js: 9ms, application-code: 42ms)
 GET /batches/audit-batch/modes/offline/manage/extra 404 in 52ms (next.js: 9ms, application-code: 44ms)
[?25h
