▲ Next.js 16.2.4 (Turbopack)
- Local:         http://localhost:3010
- Network:       http://192.168.1.52:3010
- Environments: .env
✓ Ready in 551ms

○ Compiling / ...
 GET / 200 in 3.1s (next.js: 3.0s, application-code: 90ms)
 GET / 200 in 44ms (next.js: 6ms, application-code: 38ms)
 GET /login 200 in 1047ms (next.js: 880ms, application-code: 167ms)
 GET /login 200 in 54ms (next.js: 6ms, application-code: 47ms)
 GET /login 200 in 52ms (next.js: 6ms, application-code: 46ms)
 GET /login 200 in 27ms (next.js: 5ms, application-code: 22ms)
 GET /courses 200 in 1747ms (next.js: 1572ms, application-code: 176ms)
 GET /courses 200 in 68ms (next.js: 7ms, application-code: 61ms)
 GET /courses 200 in 55ms (next.js: 6ms, application-code: 49ms)
 GET /courses 200 in 31ms (next.js: 6ms, application-code: 25ms)
 GET /courses 200 in 53ms (next.js: 5ms, application-code: 47ms)
 GET /courses/audit-course/manage 200 in 2.1s (next.js: 1991ms, application-code: 111ms)
 GET /courses/audit-course/manage 200 in 68ms (next.js: 12ms, application-code: 56ms)
 GET /courses/audit-course/manage 200 in 39ms (next.js: 9ms, application-code: 31ms)
 GET /courses 200 in 57ms (next.js: 5ms, application-code: 53ms)
 GET /courses/audit-course/manage/modules/audit-module 200 in 2.0s (next.js: 1922ms, application-code: 103ms)
 GET /courses/audit-course/manage/modules/audit-module 200 in 74ms (next.js: 10ms, application-code: 64ms)
 GET /courses/audit-course/manage/modules/audit-module 200 in 35ms (next.js: 6ms, application-code: 29ms)
 GET /courses 200 in 58ms (next.js: 5ms, application-code: 53ms)
 GET /courses/audit-course/manage/modules/audit-module/lessons/audit-lesson/manage 200 in 69ms (next.js: 5ms, application-code: 64ms)
 GET /courses/audit-course/manage/modules/audit-module/lessons/audit-lesson/manage 200 in 69ms (next.js: 6ms, application-code: 63ms)
 GET /courses/audit-course/manage/modules/audit-module/lessons/audit-lesson/manage 200 in 39ms (next.js: 6ms, application-code: 33ms)
 GET /courses 200 in 65ms (next.js: 5ms, application-code: 60ms)
 GET /courses/audit-course/manage/modules/audit-module/lessons/audit-lesson/quiz 200 in 68ms (next.js: 6ms, application-code: 62ms)
 GET /courses/audit-course/manage/modules/audit-module/lessons/audit-lesson/quiz 200 in 63ms (next.js: 6ms, application-code: 57ms)
 GET /courses/audit-course/manage/modules/audit-module/lessons/audit-lesson/quiz 200 in 44ms (next.js: 12ms, application-code: 32ms)
 GET /courses 200 in 61ms (next.js: 7ms, application-code: 54ms)
 GET /courses/audit-course/modules/audit-module/lessons 200 in 1591ms (next.js: 1511ms, application-code: 80ms)
 GET /courses/audit-course/modules/audit-module/lessons 200 in 62ms (next.js: 11ms, application-code: 50ms)
 GET /courses/audit-course/modules/audit-module/lessons 200 in 35ms (next.js: 6ms, application-code: 29ms)
 GET /courses 200 in 53ms (next.js: 7ms, application-code: 46ms)
 GET /courses/audit-course/modules/audit-module/lessons/audit-lesson/resources 200 in 67ms (next.js: 5ms, application-code: 62ms)
 GET /courses/audit-course/modules/audit-module/lessons/audit-lesson/resources 200 in 63ms (next.js: 5ms, application-code: 58ms)
 GET /courses/audit-course/modules/audit-module/lessons/audit-lesson/resources 200 in 46ms (next.js: 6ms, application-code: 40ms)
 GET /branches 200 in 894ms (next.js: 808ms, application-code: 85ms)
 GET /branches/audit-branch/manage 200 in 2.0s (next.js: 1855ms, proxy.ts: 85ms, application-code: 94ms)
 GET /branches/audit-branch/manage 200 in 72ms (next.js: 12ms, proxy.ts: 5ms, application-code: 54ms)
 GET /branches/audit-branch/manage 200 in 42ms (next.js: 12ms, proxy.ts: 4ms, application-code: 26ms)
 GET /batches 200 in 1106ms (next.js: 887ms, application-code: 219ms)
 GET /batches/audit-batch/manage 200 in 1543ms (next.js: 1463ms, proxy.ts: 4ms, application-code: 76ms)
 GET /batches/audit-batch/manage 200 in 74ms (next.js: 13ms, proxy.ts: 5ms, application-code: 56ms)
 GET /batches/audit-batch/manage 200 in 42ms (next.js: 9ms, proxy.ts: 5ms, application-code: 28ms)
 GET /batches 200 in 65ms (next.js: 5ms, application-code: 60ms)
 GET /batches/audit-batch/timings/audit-timing/manage 200 in 1522ms (next.js: 1449ms, proxy.ts: 4ms, application-code: 69ms)
 GET /batches/audit-batch/timings/audit-timing/manage 200 in 74ms (next.js: 13ms, proxy.ts: 10ms, application-code: 51ms)
 GET /batches/audit-batch/timings/audit-timing/manage 200 in 40ms (next.js: 7ms, proxy.ts: 4ms, application-code: 29ms)
 GET /batches 200 in 54ms (next.js: 5ms, application-code: 50ms)
 GET /batches/audit-batch/modes/offline/manage 200 in 1536ms (next.js: 1458ms, proxy.ts: 4ms, application-code: 75ms)
 GET /batches/audit-batch/modes/offline/manage 200 in 61ms (next.js: 12ms, proxy.ts: 4ms, application-code: 45ms)
 GET /batches/audit-batch/modes/offline/manage 200 in 38ms (next.js: 7ms, proxy.ts: 4ms, application-code: 26ms)
 GET /students 200 in 944ms (next.js: 857ms, application-code: 87ms)
 GET /students/audit-student/manage 200 in 1841ms (next.js: 1754ms, proxy.ts: 4ms, application-code: 83ms)
 GET /students/audit-student/manage 200 in 97ms (next.js: 17ms, proxy.ts: 5ms, application-code: 75ms)
 GET /students/audit-student/manage 200 in 48ms (next.js: 9ms, proxy.ts: 4ms, application-code: 35ms)
 GET /enrollments 200 in 965ms (next.js: 875ms, application-code: 90ms)
 GET /enrollments/audit-enrollment/manage 200 in 1629ms (next.js: 1537ms, proxy.ts: 4ms, application-code: 88ms)
 GET /enrollments/audit-enrollment/manage 200 in 66ms (next.js: 13ms, proxy.ts: 3ms, application-code: 50ms)
 GET /enrollments/audit-enrollment/manage 200 in 39ms (next.js: 7ms, proxy.ts: 3ms, application-code: 28ms)
 GET /community 200 in 974ms (next.js: 878ms, application-code: 96ms)
 GET /community/audit-post/manage 200 in 1528ms (next.js: 1452ms, proxy.ts: 4ms, application-code: 72ms)
 GET /community/audit-post/manage 200 in 72ms (next.js: 14ms, proxy.ts: 3ms, application-code: 55ms)
 GET /community/audit-post/manage 200 in 42ms (next.js: 7ms, proxy.ts: 3ms, application-code: 32ms)
 GET /this-route-does-not-exist-xyz 404 in 458ms (next.js: 398ms, application-code: 60ms)
 GET /this-route-does-not-exist-xyz 404 in 54ms (next.js: 10ms, application-code: 44ms)
 GET /courses/audit-course/manage/modules/m1/DOES-NOT-EXIST 200 in 87ms (next.js: 13ms, application-code: 74ms)
 GET /courses/audit-course/manage/modules/m1/DOES-NOT-EXIST 200 in 72ms (next.js: 6ms, application-code: 66ms)
 GET /courses/audit-course/modules/m1/lessons/l1/nope 200 in 83ms (next.js: 11ms, application-code: 72ms)
 GET /courses/audit-course/modules/m1/lessons/l1/nope 200 in 66ms (next.js: 6ms, application-code: 60ms)
 GET /batches/audit-batch/modes/offline/manage/extra 404 in 54ms (next.js: 11ms, application-code: 43ms)
 GET /batches/audit-batch/modes/offline/manage/extra 404 in 49ms (next.js: 8ms, application-code: 41ms)
[?25h
