▲ Next.js 16.2.4 (Turbopack)
- Local:         http://localhost:3010
- Network:       http://192.168.1.52:3010
- Environments: .env
✓ Ready in 662ms

○ Compiling / ...
 GET / 200 in 2.2s (next.js: 1892ms, application-code: 307ms)
 GET /login 200 in 1420ms (next.js: 1145ms, application-code: 274ms)
 GET /login 200 in 60ms (next.js: 8ms, application-code: 52ms)
 GET /login 200 in 75ms (next.js: 6ms, application-code: 69ms)
 GET /login 200 in 41ms (next.js: 6ms, application-code: 35ms)
 GET /courses 200 in 2.9s (next.js: 2.6s, application-code: 288ms)
 GET /courses 200 in 89ms (next.js: 11ms, application-code: 78ms)
 GET /courses 200 in 76ms (next.js: 8ms, application-code: 68ms)
 GET /courses 200 in 48ms (next.js: 9ms, application-code: 39ms)
 GET /courses 200 in 84ms (next.js: 6ms, application-code: 77ms)
 GET /courses/audit-course/manage 200 in 2.4s (next.js: 2.3s, application-code: 156ms)
 GET /courses/audit-course/manage 200 in 87ms (next.js: 11ms, application-code: 76ms)
 GET /courses/audit-course/manage 200 in 53ms (next.js: 6ms, application-code: 47ms)
 GET /courses 200 in 79ms (next.js: 6ms, application-code: 73ms)
 GET /courses/audit-course/manage/modules/audit-module 200 in 2.5s (next.js: 2.3s, application-code: 178ms)
 GET /courses/audit-course/manage/modules/audit-module 200 in 106ms (next.js: 16ms, application-code: 91ms)
 GET /courses/audit-course/manage/modules/audit-module 200 in 60ms (next.js: 6ms, application-code: 54ms)
 GET /courses 200 in 74ms (next.js: 5ms, application-code: 69ms)
 GET /courses/audit-course/manage/modules/audit-module/lessons/audit-lesson/manage 200 in 98ms (next.js: 6ms, application-code: 92ms)
 GET /courses/audit-course/manage/modules/audit-module/lessons/audit-lesson/manage 200 in 106ms (next.js: 6ms, application-code: 100ms)
 GET /courses/audit-course/manage/modules/audit-module/lessons/audit-lesson/manage 200 in 51ms (next.js: 5ms, application-code: 45ms)
 GET /courses 200 in 82ms (next.js: 7ms, application-code: 75ms)
 GET /courses/audit-course/manage/modules/audit-module/lessons/audit-lesson/quiz 200 in 98ms (next.js: 14ms, application-code: 83ms)
 GET /courses/audit-course/manage/modules/audit-module/lessons/audit-lesson/quiz 200 in 104ms (next.js: 7ms, application-code: 97ms)
 GET /courses/audit-course/manage/modules/audit-module/lessons/audit-lesson/quiz 200 in 60ms (next.js: 9ms, application-code: 51ms)
 GET /courses 200 in 102ms (next.js: 6ms, application-code: 97ms)
 GET /courses/audit-course/modules/audit-module/lessons 200 in 1806ms (next.js: 1683ms, application-code: 124ms)
 GET /courses/audit-course/modules/audit-module/lessons 200 in 88ms (next.js: 15ms, application-code: 73ms)
 GET /courses/audit-course/modules/audit-module/lessons 200 in 52ms (next.js: 7ms, application-code: 45ms)
 GET /courses 200 in 81ms (next.js: 6ms, application-code: 75ms)
 GET /courses/audit-course/modules/audit-module/lessons/audit-lesson/resources 200 in 93ms (next.js: 6ms, application-code: 87ms)
 GET /courses/audit-course/modules/audit-module/lessons/audit-lesson/resources 200 in 98ms (next.js: 7ms, application-code: 91ms)
 GET /courses/audit-course/modules/audit-module/lessons/audit-lesson/resources 200 in 51ms (next.js: 7ms, application-code: 44ms)
 GET /branches 200 in 952ms (next.js: 853ms, application-code: 99ms)
 GET /branches/audit-branch/manage 200 in 2.0s (next.js: 1821ms, proxy.ts: 88ms, application-code: 100ms)
 GET /branches/audit-branch/manage 200 in 68ms (next.js: 13ms, proxy.ts: 4ms, application-code: 51ms)
 GET /branches/audit-branch/manage 200 in 47ms (next.js: 9ms, proxy.ts: 4ms, application-code: 33ms)
 GET /batches 200 in 1169ms (next.js: 946ms, application-code: 223ms)
 GET /batches/audit-batch/manage 200 in 1560ms (next.js: 1479ms, proxy.ts: 4ms, application-code: 77ms)
 GET /batches/audit-batch/manage 200 in 62ms (next.js: 13ms, proxy.ts: 4ms, application-code: 46ms)
 GET /batches/audit-batch/manage 200 in 37ms (next.js: 8ms, proxy.ts: 5ms, application-code: 25ms)
 GET /batches 200 in 57ms (next.js: 5ms, application-code: 52ms)
 GET /batches/audit-batch/timings/audit-timing/manage 200 in 1454ms (next.js: 1376ms, proxy.ts: 5ms, application-code: 74ms)
 GET /batches/audit-batch/timings/audit-timing/manage 200 in 66ms (next.js: 12ms, proxy.ts: 4ms, application-code: 50ms)
 GET /batches/audit-batch/timings/audit-timing/manage 200 in 56ms (next.js: 9ms, proxy.ts: 8ms, application-code: 39ms)
 GET /batches 200 in 49ms (next.js: 5ms, application-code: 43ms)
 GET /batches/audit-batch/modes/offline/manage 200 in 1379ms (next.js: 1310ms, proxy.ts: 4ms, application-code: 65ms)
 GET /batches/audit-batch/modes/offline/manage 200 in 72ms (next.js: 13ms, proxy.ts: 4ms, application-code: 56ms)
 GET /batches/audit-batch/modes/offline/manage 200 in 37ms (next.js: 7ms, proxy.ts: 3ms, application-code: 27ms)
 GET /students 200 in 911ms (next.js: 821ms, application-code: 90ms)
 GET /students/audit-student/manage 200 in 1535ms (next.js: 1448ms, proxy.ts: 5ms, application-code: 82ms)
 GET /students/audit-student/manage 200 in 72ms (next.js: 12ms, proxy.ts: 3ms, application-code: 57ms)
 GET /students/audit-student/manage 200 in 46ms (next.js: 9ms, proxy.ts: 7ms, application-code: 30ms)
 GET /enrollments 200 in 857ms (next.js: 753ms, application-code: 104ms)
 GET /enrollments/audit-enrollment/manage 200 in 1569ms (next.js: 1486ms, proxy.ts: 4ms, application-code: 79ms)
 GET /enrollments/audit-enrollment/manage 200 in 61ms (next.js: 13ms, proxy.ts: 3ms, application-code: 45ms)
 GET /enrollments/audit-enrollment/manage 200 in 42ms (next.js: 7ms, proxy.ts: 3ms, application-code: 32ms)
 GET /community 200 in 920ms (next.js: 828ms, application-code: 92ms)
 GET /community/audit-post/manage 200 in 1519ms (next.js: 1437ms, proxy.ts: 5ms, application-code: 77ms)
 GET /community/audit-post/manage 200 in 69ms (next.js: 12ms, proxy.ts: 3ms, application-code: 54ms)
 GET /community/audit-post/manage 200 in 36ms (next.js: 6ms, proxy.ts: 4ms, application-code: 26ms)
 GET /this-route-does-not-exist-xyz 404 in 439ms (next.js: 380ms, application-code: 59ms)
 GET /this-route-does-not-exist-xyz 404 in 55ms (next.js: 9ms, application-code: 45ms)
 GET /courses/audit-course/manage/modules/m1/DOES-NOT-EXIST 200 in 161ms (next.js: 16ms, application-code: 145ms)
 GET /courses/audit-course/manage/modules/m1/DOES-NOT-EXIST 200 in 70ms (next.js: 8ms, application-code: 63ms)
 GET /courses/audit-course/modules/m1/lessons/l1/nope 200 in 71ms (next.js: 12ms, application-code: 60ms)
 GET /courses/audit-course/modules/m1/lessons/l1/nope 200 in 78ms (next.js: 5ms, application-code: 72ms)
 GET /batches/audit-batch/modes/offline/manage/extra 404 in 59ms (next.js: 9ms, application-code: 50ms)
 GET /batches/audit-batch/modes/offline/manage/extra 404 in 47ms (next.js: 9ms, application-code: 38ms)
[?25h
