▲ Next.js 16.2.4 (Turbopack)
- Local:         http://localhost:3011
- Network:       http://192.168.1.52:3011
- Environments: .env
✓ Ready in 552ms

○ Compiling / ...
 GET / 200 in 3.0s (next.js: 2.5s, application-code: 515ms)
 GET / 200 in 66ms (next.js: 5ms, application-code: 61ms)
 GET / 200 in 87ms (next.js: 6ms, application-code: 81ms)
 GET / 200 in 84ms (next.js: 7ms, application-code: 77ms)
 GET / 200 in 82ms (next.js: 5ms, application-code: 77ms)
 GET / 200 in 26ms (next.js: 5ms, application-code: 21ms)
 GET /courses 200 in 667ms (next.js: 514ms, application-code: 153ms)
 GET /courses 200 in 115ms (next.js: 8ms, application-code: 107ms)
 GET /courses 200 in 85ms (next.js: 6ms, application-code: 79ms)
 GET /courses 200 in 31ms (next.js: 6ms, application-code: 26ms)
 GET /courses 200 in 95ms (next.js: 5ms, application-code: 90ms)
 GET /courses/junior-accountant 200 in 5.0s (next.js: 4.1s, application-code: 935ms)
 GET /courses/junior-accountant 200 in 205ms (next.js: 20ms, application-code: 185ms)
 GET /courses/junior-accountant 200 in 152ms (next.js: 9ms, application-code: 142ms)
 GET /courses 200 in 266ms (next.js: 9ms, application-code: 256ms)
 GET /courses/junior-accountant/enroll 200 in 2.6s (next.js: 2.4s, application-code: 187ms)
 GET /courses/junior-accountant/enroll 200 in 108ms (next.js: 12ms, application-code: 96ms)
 GET /courses/junior-accountant/enroll 200 in 37ms (next.js: 6ms, application-code: 31ms)
 GET /jobs 200 in 887ms (next.js: 744ms, application-code: 143ms)
 GET /jobs 200 in 78ms (next.js: 9ms, application-code: 69ms)
 GET /jobs 200 in 70ms (next.js: 6ms, application-code: 64ms)
 GET /jobs 200 in 30ms (next.js: 5ms, application-code: 25ms)
 GET /jobs 200 in 63ms (next.js: 5ms, application-code: 58ms)
 GET /jobs/junior-accountant 200 in 1256ms (next.js: 1184ms, application-code: 72ms)
 GET /jobs/junior-accountant 200 in 81ms (next.js: 11ms, application-code: 71ms)
 GET /jobs/junior-accountant 200 in 28ms (next.js: 5ms, application-code: 23ms)
 GET /jobs 200 in 73ms (next.js: 7ms, application-code: 67ms)
 GET /jobs/junior-accountant/apply 200 in 1803ms (next.js: 1668ms, application-code: 135ms)
 GET /jobs/junior-accountant/apply 200 in 71ms (next.js: 11ms, application-code: 61ms)
 GET /jobs/junior-accountant/apply 200 in 33ms (next.js: 5ms, application-code: 28ms)
 GET /jobs 200 in 72ms (next.js: 5ms, application-code: 67ms)
 GET /jobs/junior-accountant/apply/success 200 in 70ms (next.js: 6ms, application-code: 64ms)
 GET /jobs/junior-accountant/apply/success 200 in 77ms (next.js: 5ms, application-code: 72ms)
 GET /jobs/junior-accountant/apply/success 200 in 36ms (next.js: 5ms, application-code: 30ms)
 GET /branches 200 in 684ms (next.js: 601ms, application-code: 83ms)
 GET /branches/malleshwaram 200 in 1783ms (next.js: 1685ms, application-code: 98ms)
 GET /branches/malleshwaram 200 in 71ms (next.js: 10ms, application-code: 61ms)
 GET /branches/malleshwaram 200 in 35ms (next.js: 4ms, application-code: 31ms)
 GET /onboarding 404 in 473ms (next.js: 417ms, application-code: 55ms)
 GET /onboarding/job 200 in 1086ms (next.js: 865ms, application-code: 220ms)
 GET /onboarding/job 200 in 70ms (next.js: 6ms, application-code: 64ms)
 GET /onboarding/job 200 in 31ms (next.js: 5ms, application-code: 25ms)
 GET /student 200 in 1154ms (next.js: 1053ms, application-code: 101ms)
 GET /student/jobs 200 in 863ms (next.js: 801ms, application-code: 62ms)
 GET /student/jobs 200 in 58ms (next.js: 6ms, application-code: 52ms)
 GET /student/jobs 200 in 36ms (next.js: 6ms, application-code: 29ms)
 GET /student 200 in 47ms (next.js: 5ms, application-code: 43ms)
 GET /student/jobs/audit-job 200 in 1382ms (next.js: 1329ms, application-code: 52ms)
 GET /student/jobs/audit-job 200 in 59ms (next.js: 12ms, application-code: 48ms)
 GET /student/jobs/audit-job 200 in 27ms (next.js: 4ms, application-code: 23ms)
 GET /student 200 in 51ms (next.js: 6ms, application-code: 45ms)
 GET /student/jobs/audit-job/apply 200 in 1398ms (next.js: 1348ms, application-code: 50ms)
 GET /student/jobs/audit-job/apply 200 in 58ms (next.js: 11ms, application-code: 48ms)
 GET /student/jobs/audit-job/apply 200 in 37ms (next.js: 5ms, application-code: 32ms)
 GET /student 200 in 51ms (next.js: 5ms, application-code: 45ms)
 GET /student/enrollments 200 in 812ms (next.js: 750ms, application-code: 63ms)
 GET /student/enrollments 200 in 56ms (next.js: 6ms, application-code: 50ms)
 GET /student/enrollments 200 in 27ms (next.js: 5ms, application-code: 22ms)
 GET /student 200 in 45ms (next.js: 6ms, application-code: 40ms)
 GET /student/my-learning 200 in 881ms (next.js: 800ms, application-code: 81ms)
 GET /student/my-learning 200 in 75ms (next.js: 6ms, application-code: 68ms)
 GET /student/my-learning 200 in 38ms (next.js: 7ms, application-code: 31ms)
 GET /totally-missing-page 404 in 50ms (next.js: 11ms, application-code: 39ms)
 GET /totally-missing-page 404 in 45ms (next.js: 9ms, application-code: 36ms)
 GET /jobs/junior-accountant/apply/nope 200 in 76ms (next.js: 11ms, application-code: 65ms)
 GET /jobs/junior-accountant/apply/nope 200 in 67ms (next.js: 5ms, application-code: 63ms)
 GET /courses/junior-accountant/enroll/extra 200 in 94ms (next.js: 10ms, application-code: 84ms)
 GET /courses/junior-accountant/enroll/extra 200 in 84ms (next.js: 7ms, application-code: 77ms)
 GET /branches/malleshwaram/extra-segment 404 in 57ms (next.js: 8ms, application-code: 49ms)
 GET /branches/malleshwaram/extra-segment 404 in 51ms (next.js: 9ms, application-code: 42ms)
[?25h
