▲ Next.js 16.2.4 (Turbopack)
- Local:         http://localhost:3011
- Network:       http://192.168.1.52:3011
- Environments: .env
✓ Ready in 662ms

○ Compiling / ...
 GET / 200 in 4.4s (next.js: 3.7s, application-code: 684ms)
 GET / 200 in 117ms (next.js: 9ms, application-code: 108ms)
 GET / 200 in 81ms (next.js: 5ms, application-code: 76ms)
 GET / 200 in 81ms (next.js: 6ms, application-code: 75ms)
 GET / 200 in 77ms (next.js: 4ms, application-code: 73ms)
 GET / 200 in 29ms (next.js: 6ms, application-code: 23ms)
 GET /courses 200 in 668ms (next.js: 517ms, application-code: 151ms)
 GET /courses 200 in 91ms (next.js: 7ms, application-code: 84ms)
 GET /courses 200 in 83ms (next.js: 6ms, application-code: 77ms)
 GET /courses 200 in 32ms (next.js: 5ms, application-code: 26ms)
 GET /courses 200 in 86ms (next.js: 7ms, application-code: 78ms)
 GET /courses/junior-accountant 200 in 2.1s (next.js: 1919ms, application-code: 194ms)
 GET /courses/junior-accountant 200 in 83ms (next.js: 11ms, application-code: 72ms)
 GET /courses/junior-accountant 200 in 58ms (next.js: 5ms, application-code: 53ms)
 GET /courses 200 in 87ms (next.js: 6ms, application-code: 81ms)
 GET /courses/junior-accountant/enroll 200 in 2.2s (next.js: 2.0s, application-code: 187ms)
 GET /courses/junior-accountant/enroll 200 in 82ms (next.js: 13ms, application-code: 69ms)
 GET /courses/junior-accountant/enroll 200 in 32ms (next.js: 6ms, application-code: 26ms)
 GET /jobs 200 in 1079ms (next.js: 833ms, application-code: 247ms)
 GET /jobs 200 in 82ms (next.js: 7ms, application-code: 75ms)
 GET /jobs 200 in 71ms (next.js: 6ms, application-code: 65ms)
 GET /jobs 200 in 30ms (next.js: 5ms, application-code: 25ms)
 GET /jobs 200 in 71ms (next.js: 6ms, application-code: 65ms)
 GET /jobs/junior-accountant 200 in 1416ms (next.js: 1326ms, application-code: 90ms)
 GET /jobs/junior-accountant 200 in 104ms (next.js: 12ms, application-code: 92ms)
 GET /jobs/junior-accountant 200 in 46ms (next.js: 6ms, application-code: 40ms)
 GET /jobs 200 in 88ms (next.js: 8ms, application-code: 80ms)
 GET /jobs/junior-accountant/apply 200 in 2.4s (next.js: 2.3s, application-code: 165ms)
 GET /jobs/junior-accountant/apply 200 in 94ms (next.js: 13ms, application-code: 81ms)
 GET /jobs/junior-accountant/apply 200 in 33ms (next.js: 5ms, application-code: 28ms)
 GET /jobs 200 in 71ms (next.js: 5ms, application-code: 66ms)
 GET /jobs/junior-accountant/apply/success 200 in 77ms (next.js: 6ms, application-code: 71ms)
 GET /jobs/junior-accountant/apply/success 200 in 85ms (next.js: 7ms, application-code: 79ms)
 GET /jobs/junior-accountant/apply/success 200 in 33ms (next.js: 6ms, application-code: 28ms)
 GET /branches 200 in 627ms (next.js: 533ms, application-code: 94ms)
 GET /branches/malleshwaram 200 in 1562ms (next.js: 1476ms, application-code: 86ms)
 GET /branches/malleshwaram 200 in 71ms (next.js: 11ms, application-code: 60ms)
 GET /branches/malleshwaram 200 in 47ms (next.js: 6ms, application-code: 41ms)
 GET /onboarding 404 in 464ms (next.js: 391ms, application-code: 73ms)
 GET /onboarding/job 200 in 1187ms (next.js: 952ms, application-code: 236ms)
 GET /onboarding/job 200 in 115ms (next.js: 10ms, application-code: 105ms)
 GET /onboarding/job 200 in 34ms (next.js: 6ms, application-code: 29ms)
 GET /student 200 in 1160ms (next.js: 984ms, application-code: 177ms)
 GET /student/jobs 200 in 946ms (next.js: 857ms, application-code: 89ms)
 GET /student/jobs 200 in 60ms (next.js: 7ms, application-code: 53ms)
 GET /student/jobs 200 in 33ms (next.js: 6ms, application-code: 27ms)
 GET /student 200 in 49ms (next.js: 5ms, application-code: 44ms)
 GET /student/jobs/audit-job 200 in 1364ms (next.js: 1314ms, application-code: 50ms)
 GET /student/jobs/audit-job 200 in 56ms (next.js: 11ms, application-code: 45ms)
 GET /student/jobs/audit-job 200 in 29ms (next.js: 6ms, application-code: 24ms)
 GET /student 200 in 46ms (next.js: 6ms, application-code: 40ms)
 GET /student/jobs/audit-job/apply 200 in 1429ms (next.js: 1380ms, application-code: 48ms)
 GET /student/jobs/audit-job/apply 200 in 57ms (next.js: 10ms, application-code: 47ms)
 GET /student/jobs/audit-job/apply 200 in 31ms (next.js: 5ms, application-code: 25ms)
 GET /student 200 in 45ms (next.js: 5ms, application-code: 40ms)
 GET /student/enrollments 200 in 771ms (next.js: 705ms, application-code: 66ms)
 GET /student/enrollments 200 in 58ms (next.js: 6ms, application-code: 52ms)
 GET /student/enrollments 200 in 31ms (next.js: 6ms, application-code: 25ms)
 GET /student 200 in 47ms (next.js: 5ms, application-code: 41ms)
 GET /student/my-learning 200 in 741ms (next.js: 661ms, application-code: 81ms)
 GET /student/my-learning 200 in 74ms (next.js: 7ms, application-code: 67ms)
 GET /student/my-learning 200 in 34ms (next.js: 5ms, application-code: 28ms)
 GET /totally-missing-page 404 in 49ms (next.js: 9ms, application-code: 40ms)
 GET /totally-missing-page 404 in 47ms (next.js: 8ms, application-code: 40ms)
 GET /jobs/junior-accountant/apply/nope 200 in 102ms (next.js: 11ms, application-code: 91ms)
 GET /jobs/junior-accountant/apply/nope 200 in 72ms (next.js: 6ms, application-code: 66ms)
 GET /courses/junior-accountant/enroll/extra 200 in 100ms (next.js: 11ms, application-code: 89ms)
 GET /courses/junior-accountant/enroll/extra 200 in 89ms (next.js: 6ms, application-code: 83ms)
 GET /branches/malleshwaram/extra-segment 404 in 62ms (next.js: 10ms, application-code: 53ms)
 GET /branches/malleshwaram/extra-segment 404 in 53ms (next.js: 10ms, application-code: 43ms)
[?25h
