▲ Next.js 16.2.4 (Turbopack)
- Local:         http://localhost:3011
- Network:       http://192.168.1.52:3011
- Environments: .env
✓ Ready in 676ms

○ Compiling / ...
 GET / 200 in 3.0s (next.js: 2.4s, application-code: 546ms)
 GET / 200 in 104ms (next.js: 13ms, application-code: 91ms)
 GET / 200 in 80ms (next.js: 5ms, application-code: 75ms)
 GET / 200 in 102ms (next.js: 8ms, application-code: 95ms)
 GET / 200 in 30ms (next.js: 6ms, application-code: 24ms)
 GET /courses 200 in 696ms (next.js: 561ms, application-code: 135ms)
 GET /courses 200 in 82ms (next.js: 6ms, application-code: 76ms)
 GET /courses 200 in 79ms (next.js: 7ms, application-code: 72ms)
 GET /courses 200 in 31ms (next.js: 5ms, application-code: 25ms)
 GET /courses 200 in 76ms (next.js: 6ms, application-code: 70ms)
○ Compiling /courses/[slug] ...
 GET /courses/junior-accountant 200 in 4.8s (next.js: 4.6s, application-code: 218ms)
 GET /courses/junior-accountant 200 in 91ms (next.js: 12ms, application-code: 79ms)
 GET /courses/junior-accountant 200 in 68ms (next.js: 6ms, application-code: 62ms)
 GET /courses 200 in 86ms (next.js: 6ms, application-code: 81ms)
 GET /courses/junior-accountant/enroll 200 in 2.4s (next.js: 2.2s, application-code: 189ms)
 GET /courses/junior-accountant/enroll 200 in 85ms (next.js: 10ms, application-code: 74ms)
 GET /courses/junior-accountant/enroll 200 in 31ms (next.js: 5ms, application-code: 26ms)
 GET /jobs 200 in 867ms (next.js: 705ms, application-code: 162ms)
 GET /jobs 200 in 88ms (next.js: 7ms, application-code: 81ms)
 GET /jobs 200 in 83ms (next.js: 6ms, application-code: 77ms)
 GET /jobs 200 in 33ms (next.js: 7ms, application-code: 26ms)
 GET /jobs 200 in 77ms (next.js: 6ms, application-code: 72ms)
 GET /jobs/junior-accountant 200 in 1400ms (next.js: 1303ms, application-code: 97ms)
 GET /jobs/junior-accountant 200 in 78ms (next.js: 11ms, application-code: 67ms)
 GET /jobs/junior-accountant 200 in 31ms (next.js: 5ms, application-code: 26ms)
 GET /jobs 200 in 85ms (next.js: 6ms, application-code: 79ms)
 GET /jobs/junior-accountant/apply 200 in 1833ms (next.js: 1679ms, application-code: 153ms)
 GET /jobs/junior-accountant/apply 200 in 82ms (next.js: 11ms, application-code: 71ms)
 GET /jobs/junior-accountant/apply 200 in 34ms (next.js: 5ms, application-code: 29ms)
 GET /jobs 200 in 68ms (next.js: 5ms, application-code: 63ms)
 GET /jobs/junior-accountant/apply/success 200 in 74ms (next.js: 6ms, application-code: 68ms)
 GET /jobs/junior-accountant/apply/success 200 in 75ms (next.js: 5ms, application-code: 69ms)
 GET /jobs/junior-accountant/apply/success 200 in 32ms (next.js: 5ms, application-code: 26ms)
 GET /branches 200 in 680ms (next.js: 583ms, application-code: 97ms)
 GET /branches/malleshwaram 200 in 1576ms (next.js: 1486ms, application-code: 90ms)
 GET /branches/malleshwaram 200 in 86ms (next.js: 12ms, application-code: 74ms)
 GET /branches/malleshwaram 200 in 58ms (next.js: 5ms, application-code: 53ms)
 GET /onboarding 404 in 494ms (next.js: 429ms, application-code: 65ms)
 GET /onboarding/job 200 in 1342ms (next.js: 944ms, application-code: 398ms)
 GET /onboarding/job 200 in 90ms (next.js: 7ms, application-code: 83ms)
 GET /onboarding/job 200 in 44ms (next.js: 6ms, application-code: 38ms)
 GET /student 200 in 1101ms (next.js: 984ms, application-code: 117ms)
 GET /student/jobs 200 in 849ms (next.js: 780ms, application-code: 69ms)
 GET /student/jobs 200 in 48ms (next.js: 6ms, application-code: 43ms)
 GET /student/jobs 200 in 29ms (next.js: 5ms, application-code: 23ms)
 GET /student 200 in 50ms (next.js: 5ms, application-code: 45ms)
 GET /student/jobs/audit-job 200 in 1281ms (next.js: 1234ms, application-code: 48ms)
 GET /student/jobs/audit-job 200 in 70ms (next.js: 10ms, application-code: 61ms)
 GET /student/jobs/audit-job 200 in 29ms (next.js: 6ms, application-code: 22ms)
 GET /student 200 in 44ms (next.js: 5ms, application-code: 40ms)
 GET /student/jobs/audit-job/apply 200 in 1426ms (next.js: 1375ms, application-code: 51ms)
 GET /student/jobs/audit-job/apply 200 in 58ms (next.js: 11ms, application-code: 48ms)
 GET /student/jobs/audit-job/apply 200 in 31ms (next.js: 5ms, application-code: 26ms)
 GET /student 200 in 47ms (next.js: 5ms, application-code: 42ms)
 GET /student/enrollments 200 in 778ms (next.js: 715ms, application-code: 63ms)
 GET /student/enrollments 200 in 59ms (next.js: 6ms, application-code: 53ms)
 GET /student/enrollments 200 in 31ms (next.js: 6ms, application-code: 25ms)
 GET /student 200 in 49ms (next.js: 5ms, application-code: 44ms)
 GET /student/my-learning 200 in 785ms (next.js: 698ms, application-code: 88ms)
 GET /student/my-learning 200 in 61ms (next.js: 6ms, application-code: 56ms)
 GET /student/my-learning 200 in 33ms (next.js: 5ms, application-code: 28ms)
 GET /totally-missing-page 404 in 49ms (next.js: 8ms, application-code: 41ms)
 GET /totally-missing-page 404 in 52ms (next.js: 8ms, application-code: 44ms)
 GET /jobs/junior-accountant/apply/nope 200 in 94ms (next.js: 11ms, application-code: 83ms)
 GET /jobs/junior-accountant/apply/nope 200 in 72ms (next.js: 6ms, application-code: 67ms)
 GET /courses/junior-accountant/enroll/extra 200 in 98ms (next.js: 10ms, application-code: 88ms)
 GET /courses/junior-accountant/enroll/extra 200 in 83ms (next.js: 7ms, application-code: 76ms)
 GET /branches/malleshwaram/extra-segment 404 in 60ms (next.js: 9ms, application-code: 51ms)
 GET /branches/malleshwaram/extra-segment 404 in 51ms (next.js: 9ms, application-code: 42ms)
[?25h
